
Symbol table '.symtab' contains 18 entries:
   Num:    Value  Size Type    Bind   Vis      Ndx Name
     0: 00000000     0 NOTYPE  LOCAL  DEFAULT  UND 
     1: 00000000     0 FILE    LOCAL  DEFAULT  ABS file1.c
     2: 00000000     0 SECTION LOCAL  DEFAULT    1 .text
     3: 00000000     0 SECTION LOCAL  DEFAULT    2 .data
     4: 00000000     0 SECTION LOCAL  DEFAULT    3 .bss
     5: 00000000     0 SECTION LOCAL  DEFAULT    4 .text.startup
     6: 00000000     0 NOTYPE  LOCAL  DEFAULT    4 $a
     7: 00000000     0 SECTION LOCAL  DEFAULT    6 .debug_info
     8: 00000000     0 SECTION LOCAL  DEFAULT    8 .debug_abbrev
     9: 00000000     0 SECTION LOCAL  DEFAULT    9 .debug_aranges
    10: 00000000     0 SECTION LOCAL  DEFAULT   11 .debug_ranges
    11: 00000000     0 SECTION LOCAL  DEFAULT   13 .debug_line
    12: 00000000     0 SECTION LOCAL  DEFAULT   15 .debug_str
    13: 00000000     0 SECTION LOCAL  DEFAULT   17 .debug_frame
    14: 00000000     0 SECTION LOCAL  DEFAULT   16 .comment
    15: 00000000     0 SECTION LOCAL  DEFAULT   19 .ARM.attributes
    16: 00000000    16 FUNC    GLOBAL DEFAULT    4 main
    17: 00000000     0 NOTYPE  GLOBAL DEFAULT  UND afficher
