Symbol table '.symtab' contains 19 entries:
   Num:    Value  Size Type    Bind   Vis      Ndx Name
     0: 00000000     0 NOTYPE  LOCAL  DEFAULT  UND 
     1: 00000000     0 FILE    LOCAL  DEFAULT  ABS file2.c
     2: 00000000     0 SECTION LOCAL  DEFAULT    1 .text
     3: 00000000     0 SECTION LOCAL  DEFAULT    3 .data
     4: 00000000     0 SECTION LOCAL  DEFAULT    4 .bss
     5: 00000000     0 SECTION LOCAL  DEFAULT    5 .rodata.str1.4
     6: 00000000     0 NOTYPE  LOCAL  DEFAULT    5 $d
     7: 00000000     0 NOTYPE  LOCAL  DEFAULT    1 $a
     8: 00000008     0 NOTYPE  LOCAL  DEFAULT    1 $d
     9: 00000000     0 SECTION LOCAL  DEFAULT    6 .debug_info
    10: 00000000     0 SECTION LOCAL  DEFAULT    8 .debug_abbrev
    11: 00000000     0 SECTION LOCAL  DEFAULT    9 .debug_aranges
    12: 00000000     0 SECTION LOCAL  DEFAULT   11 .debug_line
    13: 00000000     0 SECTION LOCAL  DEFAULT   13 .debug_str
    14: 00000000     0 SECTION LOCAL  DEFAULT   15 .debug_frame
    15: 00000000     0 SECTION LOCAL  DEFAULT   14 .comment
    16: 00000000     0 SECTION LOCAL  DEFAULT   17 .ARM.attributes
    17: 00000000    12 FUNC    GLOBAL DEFAULT    1 afficher
    18: 00000000     0 NOTYPE  GLOBAL DEFAULT  UND puts
